// Jest Snapshot v1, https://goo.gl/fbAQLP

exports[`prueba en MultipleCustomHooks debe de mostrarse correctamente 1`] = `
<div>
  <h1
    className="text-center"
  >
    Breaking Quotes
  </h1>
  <hr />
  <div
    className="alert alert-success text-center"
  >
    Loading...
  </div>
  <button
    className="btn btn-primary"
    onClick={[Function]}
  >
    Siguiente quote
  </button>
</div>
`;
