// Jest Snapshot v1, https://goo.gl/fbAQLP

exports[`Pruebas en <HookApp/> debe de mostrar correctanmente 1`] = `
<div>
  <h1>
    Hola mundo
  </h1>
</div>
`;
