// Jest Snapshot v1, https://goo.gl/fbAQLP

exports[`prueba en  <AppRouter/> debe de mostrarse correctamente 1`] = `
<div>
  <nav
    className="navbar navbar-expand-sm navbar-dark bg-dark"
  >
    <div
      className="container-fluid"
    >
      <a
        className="navbar-brand"
        href="/"
        onClick={[Function]}
      >
        UseContext
      </a>
      <div
        className="collapse navbar-collapse"
        id="navbarNav"
      >
        <div
          className="navbar-nav"
        >
          <a
            aria-current="page"
            className="nav-item nav-link active"
            href="/"
            onClick={[Function]}
          >
            Home
          </a>
          <a
            className="nav-item nav-link"
            href="/about"
            onClick={[Function]}
          >
            About
          </a>
          <a
            className="nav-item nav-link"
            href="/login"
            onClick={[Function]}
          >
            Login
          </a>
        </div>
      </div>
    </div>
  </nav>
  <div
    className="container"
  >
    <div>
      <h1>
         HomeScreen 
      </h1>
      <hr />
      <pre>
        {
   "id": 123,
   "name": "Delmer"
}
      </pre>
    </div>
  </div>
</div>
`;
